ca65 V2.19 - Git 547d92358
Main file   : Countdown.asm
Current file: Countdown.asm

000000r 1               .setcpu "65C02"
000000r 1               
000000r 1               .include "../6502-KIM.inc"
000000r 2               ; =============================================================================
000000r 2               ;   6502-KIM.inc — the AC6502 KIM, by name
000000r 2               ; =============================================================================
000000r 2               ;
000000r 2               ;   CPU:       WDC 65C02S at 1 MHz
000000r 2               ;   ROM:       AC6502 BIOS v1.5, with the Keypad Card overlaying the top
000000r 2               ;   Assembler: ca65 (cc65 toolchain) — := for an address, = for a value
000000r 2               ;
000000r 2               ;   Every address on this machine that has a name, and nothing else.  If a
000000r 2               ;   name is in here, you can use it; if it is not, this machine does not have
000000r 2               ;   the hardware.  That is the whole contract.
000000r 2               ;
000000r 2               ;   Include it from a program's source with:
000000r 2               ;
000000r 2               ;       .include "../6502-KIM.inc"
000000r 2               ;
000000r 2               ;   THE KIM IS NOT A STOCK AC6502 MACHINE.  The Keypad Card is a cartridge
000000r 2               ;   that overlays the top of the address space and is decoded before ROM, so
000000r 2               ;   this machine boots into a hex monitor rather than BASIC, and several
000000r 2               ;   things the rest of the family takes for granted are not true here.  The
000000r 2               ;   family-wide file — 6502.inc, alongside this one — describes a fully
000000r 2               ;   fitted machine with video, sound, storage and a VIA.  None of that is on
000000r 2               ;   a KIM, and a few of its addresses mean something else here.  Use this
000000r 2               ;   file for KIM programs, and 6502.inc for ACE programs and cartridges.
000000r 2               ;
000000r 2               ;   MEMORY MAP
000000r 2               ;   ----------
000000r 2               ;   $0000-$0039   Zero page — the Kernal's
000000r 2               ;   $003A-$003F   Zero page — YOURS (6 bytes)
000000r 2               ;   $0040-$0051   Zero page — the KC Monitor's (see SECTION 2)
000000r 2               ;   $0052-$00FF   Zero page — YOURS (174 bytes)
000000r 2               ;   $0100-$01FF   CPU stack
000000r 2               ;   $0200-$027F   KC Monitor's Wozmon line buffer — LIVE, not spare RAM
000000r 2               ;   $0280-$02FF   free (the upper half of the Kernal input ring, which is
000000r 2               ;                 never fed on a KIM — see Chrin)
000000r 2               ;   $0300-$03FF   Kernal variables (SECTION 3)
000000r 2               ;   $0400-$04FF   KC Monitor's serial receive ring — LIVE, not spare RAM
000000r 2               ;   $0500-$07FF   free on a KIM (the Kernal's FS sector buffer; no CF fitted)
000000r 2               ;   $0800-$7FFF   PROGRAM RAM — everything you write loads at $0800
000000r 2               ;   $9000-$93FF   io5 — Serial Card (R65C51 ACIA), optional
000000r 2               ;   $9400-$97FF   io6 — Accessory bus: the eight LEDs
000000r 2               ;   $A000-$A0FF   BIOS Kernal jump table (SECTION 4)
000000r 2               ;   $A100-$B7FF   Kernal implementation
000000r 2               ;   $B800-$BFFF   CP437 character set
000000r 2               ;   $C000-$DFFF   PIA (65C21) — the keypad encoder and the LCD.  The KC
000000r 2               ;                 Monitor owns it; a user program has no business here
000000r 2               ;   $E000-$FFF9   Keypad Card ROM — the KC Monitor
000000r 2               ;   $FFFA-$FFFF   CPU vectors — the Keypad Card's, and not writable
000000r 2               ;
000000r 2               ;   HOW A PROGRAM RUNS
000000r 2               ;   ------------------
000000r 2               ;   Key the load address on the keypad and press UP.  UP is a JSR, so a program
000000r 2               ;   is a subroutine: end it in RTS and you land back in the live monitor.
000000r 2               ;   ESC aborts a running program from anywhere.
000000r 2               ;
000000r 2               ;   FOUR THINGS THAT SURPRISE PEOPLE
000000r 2               ;   --------------------------------
000000r 2               ;   1. The LED latch is write-only.  You cannot read back what you wrote —
000000r 2               ;      keep your own copy in zero page.  See LEDS.
000000r 2               ;   2. Zero page is not all yours.  The KC Monitor is running underneath you
000000r 2               ;      and keeps its state in the middle of it.  See SECTION 1.
000000r 2               ;   3. Chrin never returns anything.  See SECTION 4.
000000r 2               ;   4. The keypad's codes are not the key values.  See SECTION 2.
000000r 2               ;
000000r 2               ; =============================================================================
000000r 2               
000000r 2               
000000r 2               ; =============================================================================
000000r 2               ;   SECTION 1: ZERO PAGE
000000r 2               ; =============================================================================
000000r 2               ;   The KC Monitor is live underneath every program you run, and it keeps its
000000r 2               ;   own state in zero page:
000000r 2               ;
000000r 2               ;       $40-$45   the keypad monitor — current address, mode, scratch, and
000000r 2               ;                 the key mailbox below
000000r 2               ;       $46-$51   the serial Wozmon parser and its receive ring indices
000000r 2               ;
000000r 2               ;   So what is actually free on a running KIM is $3A-$3F and $52-$FF.  Put a
000000r 2               ;   variable at $40 and the monitor overwrites it between one frame and the
000000r 2               ;   next, or your program breaks the keypad — usually both, usually
000000r 2               ;   intermittently, which is the worst way to find out.
000000r 2               
000000r 2               ZP_FREE_LO          = $3A                ; First free byte below the monitor's
000000r 2               ZP_FREE_LO_END      = $3F                ; Last one — 6 bytes in all
000000r 2               ZP_FREE_HI          = $52                ; First free byte above it
000000r 2               ZP_FREE_HI_END      = $FF                ; Last one — 174 bytes
000000r 2               
000000r 2               
000000r 2               ; =============================================================================
000000r 2               ;   SECTION 2: THE KEYPAD
000000r 2               ; =============================================================================
000000r 2               ;   Reading the keypad from a user program does NOT go through the Kernal.  The
000000r 2               ;   Keypad Card's own interrupt handler, KeyIrq, drops each press into a
000000r 2               ;   one-deep mailbox in zero page, and that mailbox is the interface:
000000r 2               ;
000000r 2               ;       lda KEY_READY          ; anything waiting?
000000r 2               ;       beq @NoKey
000000r 2               ;       lda KEY_CODE           ; take it...
000000r 2               ;       stz KEY_READY          ; ...and empty the box
000000r 2               ;
000000r 2               ;   DRAIN IT EVERY FRAME, HIT OR MISS.  It is a latch, not a queue, and
000000r 2               ;   nothing in it expires.  A press you ignore is still sitting there three
000000r 2               ;   frames later, and it will be delivered at the worst possible moment.
000000r 2               
000000r 2               KEY_CODE            := $44               ; Encoder code of the press waiting
000000r 2               KEY_READY           := $45               ; Non-zero when a press is waiting
000000r 2               
000000r 2               ;   THE CODES ARE NOT THE KEY VALUES.  They come off the MM74C922 encoder in
000000r 2               ;   the order the switches are wired on the board, not in the order they are
000000r 2               ;   printed on the keys.  0 is $0A, not $00; $00 is the LEFT arrow; and C
000000r 2               ;   through F run backward.  Use these names and the problem disappears.
000000r 2               ;
000000r 2               ;   The authority is `6502-kim dbg key --list`, which prints the live keypad.
000000r 2               ;
000000r 2               ;       ESC  $10   INS  $11   PGUP $12   A    $13
000000r 2               ;       UP   $14   DEL  $15   PGDN $16   B    $17
000000r 2               ;       7    $07   8    $08   9    $09   C    $0F
000000r 2               ;       4    $04   5    $05   6    $06   D    $0E
000000r 2               ;       1    $01   2    $02   3    $03   E    $0D
000000r 2               ;       LEFT $00   0    $0A   RGHT $0B   F    $0C
000000r 2               
000000r 2               KEY_LEFT            = $00                ; ◄
000000r 2               KEY_1               = $01
000000r 2               KEY_2               = $02
000000r 2               KEY_3               = $03
000000r 2               KEY_4               = $04
000000r 2               KEY_5               = $05
000000r 2               KEY_6               = $06
000000r 2               KEY_7               = $07
000000r 2               KEY_8               = $08
000000r 2               KEY_9               = $09
000000r 2               KEY_0               = $0A                ; Not $00 — this is the one to watch for
000000r 2               KEY_RIGHT           = $0B                ; ►
000000r 2               KEY_F               = $0C                ; C-F run backward from here...
000000r 2               KEY_E               = $0D
000000r 2               KEY_D               = $0E
000000r 2               KEY_C               = $0F                ; ...to here
000000r 2               KEY_ESC             = $10                ; Aborts a running program
000000r 2               KEY_INS             = $11
000000r 2               KEY_PGUP            = $12
000000r 2               KEY_A               = $13
000000r 2               KEY_UP              = $14                ; Runs the program at the shown address
000000r 2               KEY_DEL             = $15
000000r 2               KEY_PGDN            = $16
000000r 2               KEY_B               = $17
000000r 2               
000000r 2               
000000r 2               ; =============================================================================
000000r 2               ;   SECTION 3: KERNAL VARIABLES ($0300-$03FF)
000000r 2               ; =============================================================================
000000r 2               
000000r 2               ;   The interrupt vectors are in RAM, which is what makes them yours to
000000r 2               ;   change.  $FFFE is the Keypad Card's and cannot be written; it holds
000000r 2               ;   $E49C, and $E49C is one instruction — JMP ($0300).  So a handler goes in
000000r 2               ;   IRQ_PTR, and three things follow from that jump being direct:
000000r 2               ;
000000r 2               ;     - NOTHING IS SAVED.  Your handler is entered with A, X and Y exactly as
000000r 2               ;       the interrupted code left them.  Save what you touch.
000000r 2               ;     - CHAIN, DO NOT REPLACE.  KeyIrq is what clears the PIA, delivers ESC,
000000r 2               ;       and fills the key mailbox.  End your handler with JMP through the old
000000r 2               ;       vector, not RTI, and hand the stack over exactly as it arrived.
000000r 2               ;     - GIVE IT BACK.  ESC does not unhook IRQ_PTR for you.  Restore the old
000000r 2               ;       vector before your RTS, or the next program loaded at $0800 becomes
000000r 2               ;       this machine's interrupt handler.
000000r 2               
000000r 2               IRQ_PTR             := $0300             ; 2 bytes — IRQ handler vector
000000r 2               BRK_PTR             := $0302             ; 2 bytes — BRK handler vector
000000r 2               NMI_PTR             := $0304             ; 2 bytes — NMI handler vector
000000r 2               
000000r 2               ;   What the boot probe actually found.  On a KIM with the Serial Card fitted
000000r 2               ;   this reads $10, and on one without it reads $00.  It never reads anything
000000r 2               ;   else, because the other seven cards cannot be present on this machine —
000000r 2               ;   the Keypad Card is in the slot.  Test it before calling anything that
000000r 2               ;   needs the serial port:
000000r 2               ;
000000r 2               ;       lda HW_PRESENT
000000r 2               ;       and #HW_SC
000000r 2               ;       beq @NoSerial
000000r 2               
000000r 2               HW_PRESENT          := $030D             ; 1 byte — hardware present bitmask
000000r 2               
000000r 2               HW_SC               = %00010000          ; Serial Card — the only bit a KIM sets
000000r 2               ; The rest of the bitmask, so a $10 on screen is legible.  None of these can
000000r 2               ; ever be set on a KIM:
000000r 2               HW_RAM_L            = %00000001          ; Banked RAM low
000000r 2               HW_RAM_H            = %00000010          ; Banked RAM high
000000r 2               HW_RTC              = %00000100          ; Real-time clock
000000r 2               HW_CF               = %00001000          ; CompactFlash storage
000000r 2               HW_GPIO             = %00100000          ; GPIO / VIA — NOT the accessory bus
000000r 2               HW_SID              = %01000000          ; Sound
000000r 2               HW_VID              = %10000000          ; Video
000000r 2               
000000r 2               
000000r 2               ; =============================================================================
000000r 2               ;   SECTION 4: KERNAL JUMP TABLE ($A000-$A0FF)
000000r 2               ; =============================================================================
000000r 2               ;   Stable 3-byte JMPs in ROM.  Call them with JSR.  A jump table exists so
000000r 2               ;   that these addresses stay put across BIOS versions while the code behind
000000r 2               ;   them moves — which is why you call $A000 and not wherever Chrout actually
000000r 2               ;   lives this month.
000000r 2               ;
000000r 2               ;   These are the entries a KIM can use.  The full table has more, and every
000000r 2               ;   one of them drives hardware this machine does not have; see SECTION 5.
000000r 2               ;
000000r 2               ;   WHAT A ROUTINE DOES TO YOUR REGISTERS IS PART OF THE CONTRACT.  Read the
000000r 2               ;   "Modifies" line before you put a loop counter in X.
000000r 2               
000000r 2               Chrout              := $A000             ; Output one character
000000r 2                                                        ;   In: A = character
000000r 2                                                        ;   Preserves: A, X, Y
000000r 2                                                        ;   Goes to the serial port.  There is
000000r 2                                                        ;   no video on a KIM, and the LCD is
000000r 2                                                        ;   the monitor's — so on a machine
000000r 2                                                        ;   with no Serial Card this does
000000r 2                                                        ;   nothing at all, quietly
000000r 2               
000000r 2               Chrin               := $A003             ; Input one character — DOES NOT WORK
000000r 2                                                        ;   HERE.  It polls the Kernal's ring
000000r 2                                                        ;   buffer at $0200, and on a fitted
000000r 2                                                        ;   KIM nothing ever fills it: the
000000r 2                                                        ;   Keypad Card repoints IRQ_PTR at
000000r 2                                                        ;   its own KeyIrq, which never calls
000000r 2                                                        ;   WriteBuffer.  Returns C=0 for
000000r 2                                                        ;   ever.  Read the keypad through the
000000r 2                                                        ;   mailbox in SECTION 2 instead.
000000r 2                                                        ;   The characters you may see at
000000r 2                                                        ;   $0200 are the monitor's line
000000r 2                                                        ;   buffer, not this ring: Chrin is
000000r 2                                                        ;   decided by the indices at $00 and
000000r 2                                                        ;   $01, which stay zero
000000r 2               
000000r 2               WriteBuffer         := $A006             ; Put a byte in the Kernal ring buffer
000000r 2                                                        ;   In: A = byte.  Modifies: X
000000r 2                                                        ;   The call KeyIrq does not make
000000r 2               
000000r 2               SysDelay            := $A075             ; Wait, in centiseconds (10 ms units)
000000r 2                                                        ;   In: A = low byte, X = high byte
000000r 2                                                        ;   Modifies: A, X, Y — X AND Y COME
000000r 2                                                        ;   BACK ZEROED.  A counter kept in
000000r 2                                                        ;   either is a counter that never
000000r 2                                                        ;   counts down; keep it in zero page
000000r 2                                                        ;   On a KIM this is a software
000000r 2                                                        ;   counting loop (there is no VIA
000000r 2                                                        ;   timer), and it runs about 3% long:
000000r 2                                                        ;   10,296 cycles per centisecond
000000r 2                                                        ;   rather than 10,000
000000r 2               
000000r 2               KernalVersion       := $A07B             ; Get the BIOS version
000000r 2                                                        ;   Out: A = major, X = minor
000000r 2               
000000r 2               SerialChrout        := $A051             ; Straight to the serial port
000000r 2                                                        ;   In: A = character
000000r 2                                                        ;   Blocks until the transmitter is
000000r 2                                                        ;   empty.  Chrout is the one to use;
000000r 2                                                        ;   this is here for when you want to
000000r 2                                                        ;   bypass it
000000r 2               
000000r 2               InitSC              := $A04E             ; Initialize the Serial Card
000000r 2                                                        ;   8-N-1, 19200 baud.  Modifies: A
000000r 2                                                        ;   The boot probe already did this
000000r 2               
000000r 2               PrintStr            := $A090             ; Print a NUL-terminated string
000000r 2                                                        ;   In: A = address low, Y = high
000000r 2                                                        ;       (lda #<Msg / ldy #>Msg)
000000r 2                                                        ;   Modifies: A, Y — X is preserved
000000r 2               
000000r 2               PrintCRLF           := $A093             ; Print CR then LF
000000r 2                                                        ;   Modifies: A
000000r 2               
000000r 2               PrintDecU16         := $A096             ; Print a 16-bit value as decimal
000000r 2                                                        ;   In: A = value low, X = value high
000000r 2                                                        ;   No leading zeros
000000r 2                                                        ;   Modifies: A, X, Y
000000r 2               
000000r 2               
000000r 2               ; =============================================================================
000000r 2               ;   SECTION 5: HARDWARE
000000r 2               ; =============================================================================
000000r 2               
000000r 2               ; --- The accessory bus (io6, $9400-$97FF) ---
000000r 2               ;   Eight LEDs behind a 74HC373 latch.  A write ANYWHERE in the window
000000r 2               ;   latches; the address below is simply the bottom of it.
000000r 2               ;
000000r 2               ;   IT IS WRITE-ONLY.  A 74HC373 has no read strobe, so reading it gives you
000000r 2               ;   whatever the bus happens to be holding — not the byte you wrote.  Keep a
000000r 2               ;   shadow copy in zero page and treat that as the truth:
000000r 2               ;
000000r 2               ;       lda Shadow
000000r 2               ;       ora #%00000001
000000r 2               ;       sta Shadow             ; the copy that is real...
000000r 2               ;       sta LEDS               ; ...and the copy the eye can see
000000r 2               ;
000000r 2               ;   Note that this is NOT the family's GPIO window.  On a fully fitted
000000r 2               ;   AC6502 machine $9400 is a 65C22 VIA; here it is a latch and eight lamps,
000000r 2               ;   which is exactly why the BIOS probe correctly leaves HW_GPIO clear.
000000r 2               
000000r 2               LEDS                := $9400             ; Write-only — eight LEDs
000000r 2               
000000r 2               ; --- Serial Card (io5, $9000-$9003, optional) ---
000000r 2               ;   R65C51 ACIA.  Use Chrout and PrintStr rather than these; they are here
000000r 2               ;   for the episode that looks underneath.
000000r 2               
000000r 2               SC_DATA             := $9000             ; R/W — data register
000000r 2               SC_STATUS           := $9001             ; Read — status register
000000r 2               SC_RESET            := $9001             ; Write — programmatic reset
000000r 2               SC_CMD              := $9002             ; R/W — command register
000000r 2               SC_CTRL             := $9003             ; R/W — control register
000000r 2               
000000r 2               SC_STATUS_TDRE      = %00010000          ; Transmitter empty — ready to send
000000r 2               SC_STATUS_RDRF      = %00001000          ; Receiver full — a byte is waiting
000000r 2               
000000r 2               ; --- What this machine does not have ---
000000r 2               ;   No video card, no sound, no storage, no real-time clock, no VIA, no
000000r 2               ;   joysticks, and no banked RAM.  The Kernal entries that drive them are
000000r 2               ;   still in ROM and still safe to call — they check HW_PRESENT and return —
000000r 2               ;   but they will do nothing, so there is no reason to call them, and no
000000r 2               ;   reason for their names to be in this file.
000000r 2               ;
000000r 2               ;   The 16x2 LCD is real, but it belongs to the KC Monitor, which drives it
000000r 2               ;   through the PIA at $C000.  This series never writes to it.
000000r 2               
000000r 2               
000000r 2               ; =============================================================================
000000r 2               ;   SECTION 6: CONSTANTS
000000r 2               ; =============================================================================
000000r 2               
000000r 2               CHAR_BS             = $08                ; Backspace
000000r 2               CHAR_LF             = $0A                ; Line feed
000000r 2               CHAR_CR             = $0D                ; Carriage return
000000r 2               CHAR_ESC            = $1B                ; Escape
000000r 2               CHAR_SPACE          = $20                ; Space
000000r 2               
000000r 1               
000000r 1               .segment "CODE"
000000r 1               
000000r 1               ; =============================================================================
000000r 1               ;   Coundown - An LED countdown for the KIM
000000r 1               ; =============================================================================
000000r 1               ;   This is a raw binary image, not a BASIC program.  There is no tokenized
000000r 1               ;   startup stub: the first byte of the file is the first byte of code, and it
000000r 1               ;   lands at $0800 (PROGRAM_START).  Nothing may be placed before Start —
000000r 1               ;   put data after the code, or behind a jump.
000000r 1               ;
000000r 1               ;   Target is the AC6502 KIM.  The Keypad Card overlays $C000-$FFFF, so the
000000r 1               ;   machine boots into the KC Monitor rather than BASIC:
000000r 1               ;     - No video, no sound, no storage, no RTC, no VIA (HW_PRESENT is $10)
000000r 1               ;     - Chrout goes to the serial port; the LCD belongs to the monitor
000000r 1               ;     - The eight LEDs are a write-only 74HC373 latch on the accessory bus
000000r 1               ;     - ESC aborts a running program from anywhere — that needs no code here
000000r 1               ;
000000r 1               ;   Launching:
000000r 1               ;     Keypad   $0800 then UP   calls here; RTS returns to the KC Monitor
000000r 1               ;     Wozmon   0800R           jumps here; nothing to return to
000000r 1               ;
000000r 1               ;   ESC is the way out, and it is unconditional.  KeyIrq catches it before it
000000r 1               ;   reaches the mailbox — from the pad or as an ESC byte over serial — and
000000r 1               ;   JMPs to WarmStart, which does LDX #$FF / TXS and re-enters the monitor
000000r 1               ;   loop.  The interrupted frame is abandoned, so it does not matter how deep
000000r 1               ;   you were, what you had pushed, or how you were launched.  It also means
000000r 1               ;   ESC does not return to your caller: it lands in the KC Monitor, always.
000000r 1               
000000r 1               ; =============================================================================
000000r 1               ;   Hardware
000000r 1               ; =============================================================================
000000r 1               ;   LEDS and the Kernal entries come from 6502-KIM.inc.  The latch is
000000r 1               ;   write-only — a read is open bus — so the countdown keeps its own copy
000000r 1               ;   of the pattern rather than reading it back.
000000r 1               
000000r 1               ; =============================================================================
000000r 1               ;   Timing — all in centiseconds (10 ms units), the SysDelay unit
000000r 1               ; =============================================================================
000000r 1               
000000r 1               DELAY = 32
000000r 1               
000000r 1               ; =============================================================================
000000r 1               ;   Start — Program entry point ($0800)
000000r 1               ; =============================================================================
000000r 1               
000000r 1               Start:
000000r 1  20 rr rr       jsr CountdownDisplay
000003r 1  60             rts
000004r 1               
000004r 1               ; =============================================================================
000004r 1               ;   CountdownDisplay — The countdown display loop
000004r 1               ; =============================================================================
000004r 1               
000004r 1               CountdownDisplay:
000004r 1  A9 00          lda #0
000006r 1  8D 00 94       sta LEDS                      ; Clear the LEDs
000009r 1  A0 00          ldy #0
00000Br 1               @CountdownDisplayLoop:
00000Br 1  20 rr rr       jsr CountdownDelay
00000Er 1  B9 rr rr       lda Countdown,y               ; Load the next byte from the countdown data
000011r 1  8D 00 94       sta LEDS
000014r 1  C8             iny
000015r 1  98             tya
000016r 1  C9 04          cmp #COUNTDOWN_LEN
000018r 1  D0 F1          bne @CountdownDisplayLoop
00001Ar 1               @CountdownDisplayExit:
00001Ar 1  20 rr rr       jsr CountdownDelay
00001Dr 1  A9 FF          lda #$FF                      ; Light all the LEDs
00001Fr 1  8D 00 94       sta LEDS
000022r 1  60             rts
000023r 1               
000023r 1               ; =============================================================================
000023r 1               ;   Countdown Delay - The countdown delay subroutine
000023r 1               ; =============================================================================
000023r 1               
000023r 1               CountdownDelay:
000023r 1  5A             phy                           ; SysDelay clobbers Y so lets save it...
000024r 1  A9 20          lda #DELAY
000026r 1  A2 00          ldx #0
000028r 1  20 75 A0       jsr SysDelay                  ; Delay for DELAY centiseconds
00002Br 1  7A             ply                           ; and restore it
00002Cr 1  60             rts
00002Dr 1               
00002Dr 1               ; =============================================================================
00002Dr 1               ;   Data
00002Dr 1               ; =============================================================================
00002Dr 1               
00002Dr 1               ; The countdown: two lit LEDs walking in from the ends until they meet.
00002Dr 1               ; Four steps of COUNT_TIME, then the sweep starts.
00002Dr 1               ;
00002Dr 1               ;   $81  %10000001
00002Dr 1               ;   $42  %01000010
00002Dr 1               ;   $24  %00100100
00002Dr 1               ;   $18  %00011000
00002Dr 1               
00002Dr 1               Countdown:
00002Dr 1  81 42 24 18    .byte $81, $42, $24, $18
000031r 1               COUNTDOWN_LEN = * - Countdown
000031r 1               
